
[1m[46m RUN [49m[22m [36mv4.0.18 [39m[90mF:/Development/ledgercraft-studio[39m

 [32mΓ£ô[39m test.simple.test.ts [2m([22m[2m1 test[22m[2m)[22m[32m 3[2mms[22m[39m
 [32mΓ£ô[39m electron/reportService.test.ts [2m([22m[2m9 tests[22m[2m)[22m[32m 8[2mms[22m[39m
 [32mΓ£ô[39m electron/utils/applyFieldFormatting.test.ts [2m([22m[2m36 tests[22m[2m)[22m[32m 14[2mms[22m[39m
 [32mΓ£ô[39m renderer/src/utils/applyFieldFormatting.test.ts [2m([22m[2m58 tests[22m[2m)[22m[32m 17[2mms[22m[39m
 [32mΓ£ô[39m electron/utils/dateUtils.test.ts [2m([22m[2m37 tests[22m[2m)[22m[32m 40[2mms[22m[39m
 [31mΓ¥»[39m electron/tests/template_upload.test.ts [2m([22m[2m0 test[22m[2m)[22m
node.exe : 
At C:\Program Files\n
odejs\npx.ps1:29 
char:3
+   & $NODE_EXE 
$NPX_CLI_JS $args
+   ~~~~~~~~~~~~~~~~~
~~~~~~~~~~~~
    + CategoryInfo   
           : NotSpe  
  cified: (:String   
 ) [], RemoteExce    
ption
    + FullyQualified 
   ErrorId : Native  
  CommandError
 
[31mΓÄ»ΓÄ»ΓÄ»ΓÄ»ΓÄ»Γ
Ä»[39m[1m[41m 
Failed Suites 1 [49m
[22m[31mΓÄ»ΓÄ»ΓÄ»ΓÄ
»ΓÄ»ΓÄ»ΓÄ»[39m

[41m[1m FAIL 
[22m[49m electron/t
ests/template_upload.
test.ts[2m [ electro
n/tests/template_uplo
ad.test.ts ][22m
[31m[1mError[22m: 
[vitest] There was 
an error when 
mocking a module. If 
you are using 
"vi.mock" factory, 
make sure there are 
no top level 
variables inside, 
since this call is 
hoisted to top of 
the file. Read more: 
https://vitest.dev/ap
i/vi.html#vi-mock[39
m
[36m [2mΓ¥»[22m el
ectron/templateServic
e.ts:[2m7:1[22m[39
m
    [90m  5| [39m[
35mimport[39m [33mD
ocxtemplater[39m 
[35mfrom[39m [32m'
docxtemplater'[39m[
33m;[39m
    [90m  6| [39m[
35mimport[39m { app 
} [35mfrom[39m [32
m'electron'[39m[33m
;[39m
    [90m  7| [39m[
35mimport[39m { 
database } 
[35mfrom[39m [32m'
./database'[39m[33m
;[39m
    [90m   | 
[39m[31m^[39m
    [90m  8| [39m[
35mimport[39m { 
getCurrentUser } 
[35mfrom[39m [32m'
./auth'[39m[33m;[3
9m
    [90m  9| [39m[
35mimport[39m { 
logAction } 
[35mfrom[39m [32m'
./auditService'[39m
[33m;[39m

[31m[1mCaused by: 
ReferenceError[22m: 
Cannot access 
'mockDb' before 
initialization[39m
[36m [2mΓ¥»[22m el
ectron/tests/template
_upload.test.ts:[2m2
9:15[22m[39m

[31m[2mΓÄ»ΓÄ»ΓÄ»ΓÄ»
ΓÄ»ΓÄ»ΓÄ»ΓÄ»ΓÄ»ΓÄ»ΓÄ»
ΓÄ»ΓÄ»ΓÄ»ΓÄ»ΓÄ»ΓÄ»ΓÄ»
ΓÄ»ΓÄ»ΓÄ»ΓÄ»ΓÄ»ΓÄ»[1/
1]ΓÄ»[22m[39m


[2m Test Files [22m [1m[31m1 failed[39m[22m[2m | [22m[1m[32m5 passed[39m[22m[90m (6)[39m
[2m      Tests [22m [1m[32m141 passed[39m[22m[90m (141)[39m
[2m   Start at [22m 14:04:09
[2m   Duration [22m 536ms[2m (transform 593ms, setup 0ms, import 646ms, tests 82ms, environment 1ms)[22m

